
> insightx-app@0.1.0 build
> next build

Γû▓ Next.js 16.1.6 (Turbopack)

  Creating an optimized production build ...
Γ£ô Compiled successfully in 38.2s
  Running TypeScript ...
  Collecting page data using 7 workers ...
node.exe : Error: 
supabaseUrl is 
required.
At line:1 char:1
+ & "C:\Program Files
\nodejs/node.exe" 
"C:\Program 
Files\nodejs/node_mo 
...
+ ~~~~~~~~~~~~~~~~~~~
~~~~~~~~~~~~~~~~~~~~~
~~~~~~~~~~~~~~~~~~~~~
~~~~~~~~
    + CategoryInfo   
           : NotSpe  
  cified: (Error:    
 supabaseUrl is r    
equired.:String)     
[], RemoteExcep    
tion
    + FullyQualified 
   ErrorId : Native  
  CommandError
 
    at <unknown> (D:\
insightX\insightx\.ne
xt\server\chunks\_df8
429d8._.js:546:43442)
    at new iu (D:\ins
ightX\insightx\.next\
server\chunks\_df8429
d8._.js:546:43693)
    at module 
evaluation (D:\insigh
tX\insightx\.next\ser
ver\chunks\_df8429d8.
_.js:546:48033)
    at 
instantiateModule (D:
\insightX\insightx\.n
ext\server\chunks\[tu
rbopack]_runtime.js:7
40:9)
    at getOrInstantia
teModuleFromParent (D
:\insightX\insightx\.
next\server\chunks\[t
urbopack]_runtime.js:
763:12)
    at 
Context.esmImport 
[as i] (D:\insightX\i
nsightx\.next\server\
chunks\[turbopack]_ru
ntime.js:228:20)
    at 
instantiateModule (D:
\insightX\insightx\.n
ext\server\chunks\[tu
rbopack]_runtime.js:7
40:9)
    at instantiateRun
timeModule (D:\insigh
tX\insightx\.next\ser
ver\chunks\[turbopack
]_runtime.js:768:12)
    at getOrInstantia
teRuntimeModule (D:\i
nsightX\insightx\.nex
t\server\chunks\[turb
opack]_runtime.js:781
:12)

> Build error 
occurred
Error: Failed to 
collect page data 
for 
/api/agents/context
    at ignore-listed 
frames {
  type: 'Error'
}
